Archive member included to satisfy reference by file (symbol)

/opt/avr8-gnu-toolchain-linux_x86_64/bin/../lib/gcc/avr/5.4.0/avr5/libgcc.a(_udivmodhi4.o)
                              main.o (__udivmodhi4)
/opt/avr8-gnu-toolchain-linux_x86_64/bin/../lib/gcc/avr/5.4.0/avr5/libgcc.a(_exit.o)
                              /opt/avr8-gnu-toolchain-linux_x86_64/bin/../lib/gcc/avr/5.4.0/../../../../avr/lib/avr5/crtatmega328p.o (exit)
/opt/avr8-gnu-toolchain-linux_x86_64/bin/../lib/gcc/avr/5.4.0/avr5/libgcc.a(_tablejump2.o)
                              myMatrix.o (__tablejump2__)
/opt/avr8-gnu-toolchain-linux_x86_64/bin/../lib/gcc/avr/5.4.0/avr5/libgcc.a(_copy_data.o)
                              main.o (__do_copy_data)
/opt/avr8-gnu-toolchain-linux_x86_64/bin/../lib/gcc/avr/5.4.0/avr5/libgcc.a(_clear_bss.o)
                              main.o (__do_clear_bss)
/opt/avr8-gnu-toolchain-linux_x86_64/bin/../lib/gcc/avr/5.4.0/../../../../avr/lib/avr5/libc.a(atoi.o)
                              main.o (atoi)
/opt/avr8-gnu-toolchain-linux_x86_64/bin/../lib/gcc/avr/5.4.0/../../../../avr/lib/avr5/libc.a(strcmp.o)
                              main.o (strcmp)
/opt/avr8-gnu-toolchain-linux_x86_64/bin/../lib/gcc/avr/5.4.0/../../../../avr/lib/avr5/libc.a(mul10.o)
                              /opt/avr8-gnu-toolchain-linux_x86_64/bin/../lib/gcc/avr/5.4.0/../../../../avr/lib/avr5/libc.a(atoi.o) (__mulhi_const_10)

Memory Configuration

Name             Origin             Length             Attributes
text             0x0000000000000000 0x0000000000008000 xr
data             0x0000000000800100 0x0000000000000800 rw !x
eeprom           0x0000000000810000 0x0000000000000400 rw !x
fuse             0x0000000000820000 0x0000000000000003 rw !x
lock             0x0000000000830000 0x0000000000000400 rw !x
signature        0x0000000000840000 0x0000000000000400 rw !x
user_signatures  0x0000000000850000 0x0000000000000400 rw !x
*default*        0x0000000000000000 0xffffffffffffffff

Linker script and memory map

Address of section .data set to 0x800100
LOAD /opt/avr8-gnu-toolchain-linux_x86_64/bin/../lib/gcc/avr/5.4.0/../../../../avr/lib/avr5/crtatmega328p.o
LOAD main.o
LOAD lcd.o
LOAD uart.o
LOAD gpio.o
LOAD myMatrix.o
START GROUP
LOAD /opt/avr8-gnu-toolchain-linux_x86_64/bin/../lib/gcc/avr/5.4.0/avr5/libgcc.a
LOAD /opt/avr8-gnu-toolchain-linux_x86_64/bin/../lib/gcc/avr/5.4.0/../../../../avr/lib/avr5/libm.a
LOAD /opt/avr8-gnu-toolchain-linux_x86_64/bin/../lib/gcc/avr/5.4.0/../../../../avr/lib/avr5/libc.a
LOAD /opt/avr8-gnu-toolchain-linux_x86_64/bin/../lib/gcc/avr/5.4.0/../../../../avr/lib/avr5/libatmega328p.a
END GROUP
                0x0000000000000000                __TEXT_REGION_ORIGIN__ = DEFINED (__TEXT_REGION_ORIGIN__)?__TEXT_REGION_ORIGIN__:0x0
                [0x0000000000800100]                __DATA_REGION_ORIGIN__ = DEFINED (__DATA_REGION_ORIGIN__)?__DATA_REGION_ORIGIN__:0x800060
                [0x0000000000008000]                __TEXT_REGION_LENGTH__ = DEFINED (__TEXT_REGION_LENGTH__)?__TEXT_REGION_LENGTH__:0x20000
                [0x0000000000000800]                __DATA_REGION_LENGTH__ = DEFINED (__DATA_REGION_LENGTH__)?__DATA_REGION_LENGTH__:0xffa0
                [0x0000000000000400]                __EEPROM_REGION_LENGTH__ = DEFINED (__EEPROM_REGION_LENGTH__)?__EEPROM_REGION_LENGTH__:0x10000
                [0x0000000000000003]                __FUSE_REGION_LENGTH__ = DEFINED (__FUSE_REGION_LENGTH__)?__FUSE_REGION_LENGTH__:0x400
                0x0000000000000400                __LOCK_REGION_LENGTH__ = DEFINED (__LOCK_REGION_LENGTH__)?__LOCK_REGION_LENGTH__:0x400
                0x0000000000000400                __SIGNATURE_REGION_LENGTH__ = DEFINED (__SIGNATURE_REGION_LENGTH__)?__SIGNATURE_REGION_LENGTH__:0x400
                0x0000000000000400                __USER_SIGNATURE_REGION_LENGTH__ = DEFINED (__USER_SIGNATURE_REGION_LENGTH__)?__USER_SIGNATURE_REGION_LENGTH__:0x400

.hash
 *(.hash)

.dynsym
 *(.dynsym)

.dynstr
 *(.dynstr)

.gnu.version
 *(.gnu.version)

.gnu.version_d
 *(.gnu.version_d)

.gnu.version_r
 *(.gnu.version_r)

.rel.init
 *(.rel.init)

.rela.init
 *(.rela.init)

.rel.text
 *(.rel.text)
 *(.rel.text.*)
 *(.rel.gnu.linkonce.t*)

.rela.text
 *(.rela.text)
 *(.rela.text.*)
 *(.rela.gnu.linkonce.t*)

.rel.fini
 *(.rel.fini)

.rela.fini
 *(.rela.fini)

.rel.rodata
 *(.rel.rodata)
 *(.rel.rodata.*)
 *(.rel.gnu.linkonce.r*)

.rela.rodata
 *(.rela.rodata)
 *(.rela.rodata.*)
 *(.rela.gnu.linkonce.r*)

.rel.data
 *(.rel.data)
 *(.rel.data.*)
 *(.rel.gnu.linkonce.d*)

.rela.data
 *(.rela.data)
 *(.rela.data.*)
 *(.rela.gnu.linkonce.d*)

.rel.ctors
 *(.rel.ctors)

.rela.ctors
 *(.rela.ctors)

.rel.dtors
 *(.rel.dtors)

.rela.dtors
 *(.rela.dtors)

.rel.got
 *(.rel.got)

.rela.got
 *(.rela.got)

.rel.bss
 *(.rel.bss)

.rela.bss
 *(.rela.bss)

.rel.plt
 *(.rel.plt)

.rela.plt
 *(.rela.plt)

.text           0x0000000000000000      0xdfc
 *(.vectors)
 .vectors       0x0000000000000000       0x68 /opt/avr8-gnu-toolchain-linux_x86_64/bin/../lib/gcc/avr/5.4.0/../../../../avr/lib/avr5/crtatmega328p.o
                0x0000000000000000                __vectors
                0x0000000000000000                __vector_default
 *(.vectors)
 *(.progmem.gcc*)
 .progmem.gcc_sw_table
                0x0000000000000068       0x46 myMatrix.o
                0x00000000000000ae                . = ALIGN (0x2)
                0x00000000000000ae                __trampolines_start = .
 *(.trampolines)
 .trampolines   0x00000000000000ae        0x0 linker stubs
 *(.trampolines*)
                0x00000000000000ae                __trampolines_end = .
 *libprintf_flt.a:*(.progmem.data)
 *libc.a:*(.progmem.data)
 *(.progmem*)
                0x00000000000000ae                . = ALIGN (0x2)
 *(.jumptables)
 *(.jumptables*)
 *(.lowtext)
 *(.lowtext*)
                0x00000000000000ae                __ctors_start = .
 *(.ctors)
                0x00000000000000ae                __ctors_end = .
                0x00000000000000ae                __dtors_start = .
 *(.dtors)
                0x00000000000000ae                __dtors_end = .
 SORT(*)(.ctors)
 SORT(*)(.dtors)
 *(.init0)
 .init0         0x00000000000000ae        0x0 /opt/avr8-gnu-toolchain-linux_x86_64/bin/../lib/gcc/avr/5.4.0/../../../../avr/lib/avr5/crtatmega328p.o
                0x00000000000000ae                __init
 *(.init0)
 *(.init1)
 *(.init1)
 *(.init2)
 .init2         0x00000000000000ae        0xc /opt/avr8-gnu-toolchain-linux_x86_64/bin/../lib/gcc/avr/5.4.0/../../../../avr/lib/avr5/crtatmega328p.o
 *(.init2)
 *(.init3)
 *(.init3)
 *(.init4)
 .init4         0x00000000000000ba       0x16 /opt/avr8-gnu-toolchain-linux_x86_64/bin/../lib/gcc/avr/5.4.0/avr5/libgcc.a(_copy_data.o)
                0x00000000000000ba                __do_copy_data
 .init4         0x00000000000000d0       0x10 /opt/avr8-gnu-toolchain-linux_x86_64/bin/../lib/gcc/avr/5.4.0/avr5/libgcc.a(_clear_bss.o)
                0x00000000000000d0                __do_clear_bss
 *(.init4)
 *(.init5)
 *(.init5)
 *(.init6)
 *(.init6)
 *(.init7)
 *(.init7)
 *(.init8)
 *(.init8)
 *(.init9)
 .init9         0x00000000000000e0        0x8 /opt/avr8-gnu-toolchain-linux_x86_64/bin/../lib/gcc/avr/5.4.0/../../../../avr/lib/avr5/crtatmega328p.o
 *(.init9)
 *(.text)
 .text          0x00000000000000e8        0x4 /opt/avr8-gnu-toolchain-linux_x86_64/bin/../lib/gcc/avr/5.4.0/../../../../avr/lib/avr5/crtatmega328p.o
                0x00000000000000e8                __vector_22
                0x00000000000000e8                __vector_1
                0x00000000000000e8                __vector_24
                0x00000000000000e8                __vector_12
                0x00000000000000e8                __bad_interrupt
                0x00000000000000e8                __vector_6
                0x00000000000000e8                __vector_3
                0x00000000000000e8                __vector_23
                0x00000000000000e8                __vector_25
                0x00000000000000e8                __vector_11
                0x00000000000000e8                __vector_17
                0x00000000000000e8                __vector_7
                0x00000000000000e8                __vector_5
                0x00000000000000e8                __vector_4
                0x00000000000000e8                __vector_9
                0x00000000000000e8                __vector_2
                0x00000000000000e8                __vector_21
                0x00000000000000e8                __vector_15
                0x00000000000000e8                __vector_8
                0x00000000000000e8                __vector_14
                0x00000000000000e8                __vector_10
                0x00000000000000e8                __vector_20
 .text          0x00000000000000ec      0x50a main.o
                0x00000000000000ec                __vector_13
                0x0000000000000470                __vector_16
 .text          0x00000000000005f6      0x1c4 lcd.o
                0x00000000000006be                lcd_command
                0x00000000000006c4                lcd_data
                0x00000000000006ca                lcd_gotoxy
                0x00000000000006d8                lcd_getxy
                0x00000000000006f0                lcd_clrscr
                0x00000000000006f6                lcd_home
                0x00000000000006fc                lcd_putc
                0x0000000000000702                lcd_puts
                0x000000000000071a                lcd_puts_p
                0x0000000000000738                lcd_init
 .text          0x00000000000007ba      0x17e uart.o
                0x00000000000007ba                __vector_18
                0x0000000000000816                __vector_19
                0x000000000000086a                uart_init
                0x000000000000089c                uart_getc
                0x00000000000008d8                uart_putc
                0x0000000000000902                uart_puts
                0x000000000000091a                uart_puts_p
 .text          0x0000000000000938       0xb0 gpio.o
                0x0000000000000938                GPIO_config_output
                0x000000000000094e                GPIO_config_input_nopullup
                0x000000000000096e                GPIO_config_input_pullup
                0x0000000000000990                GPIO_write_low
                0x00000000000009a8                GPIO_write_high
                0x00000000000009be                GPIO_toggle
                0x00000000000009d4                GPIO_read
 .text          0x00000000000009e8      0x256 myMatrix.o
                0x00000000000009e8                initMatrix
                0x0000000000000a34                scanMatrix
                0x0000000000000ad0                posToConstChar
                0x0000000000000c22                shiftFun
 .text          0x0000000000000c3e        0x0 /opt/avr8-gnu-toolchain-linux_x86_64/bin/../lib/gcc/avr/5.4.0/avr5/libgcc.a(_udivmodhi4.o)
 .text          0x0000000000000c3e        0x0 /opt/avr8-gnu-toolchain-linux_x86_64/bin/../lib/gcc/avr/5.4.0/avr5/libgcc.a(_exit.o)
 .text          0x0000000000000c3e        0x0 /opt/avr8-gnu-toolchain-linux_x86_64/bin/../lib/gcc/avr/5.4.0/avr5/libgcc.a(_tablejump2.o)
 .text          0x0000000000000c3e        0x0 /opt/avr8-gnu-toolchain-linux_x86_64/bin/../lib/gcc/avr/5.4.0/avr5/libgcc.a(_copy_data.o)
 .text          0x0000000000000c3e        0x0 /opt/avr8-gnu-toolchain-linux_x86_64/bin/../lib/gcc/avr/5.4.0/avr5/libgcc.a(_clear_bss.o)
 .text          0x0000000000000c3e        0x0 /opt/avr8-gnu-toolchain-linux_x86_64/bin/../lib/gcc/avr/5.4.0/../../../../avr/lib/avr5/libc.a(atoi.o)
 .text          0x0000000000000c3e        0x0 /opt/avr8-gnu-toolchain-linux_x86_64/bin/../lib/gcc/avr/5.4.0/../../../../avr/lib/avr5/libc.a(strcmp.o)
 .text          0x0000000000000c3e        0x0 /opt/avr8-gnu-toolchain-linux_x86_64/bin/../lib/gcc/avr/5.4.0/../../../../avr/lib/avr5/libc.a(mul10.o)
                0x0000000000000c3e                . = ALIGN (0x2)
 *(.text.*)
 .text.startup  0x0000000000000c3e      0x128 main.o
                0x0000000000000c3e                main
 .text.libgcc.mul
                0x0000000000000d66        0x0 /opt/avr8-gnu-toolchain-linux_x86_64/bin/../lib/gcc/avr/5.4.0/avr5/libgcc.a(_udivmodhi4.o)
 .text.libgcc.div
                0x0000000000000d66       0x28 /opt/avr8-gnu-toolchain-linux_x86_64/bin/../lib/gcc/avr/5.4.0/avr5/libgcc.a(_udivmodhi4.o)
                0x0000000000000d66                __udivmodhi4
 .text.libgcc   0x0000000000000d8e        0x0 /opt/avr8-gnu-toolchain-linux_x86_64/bin/../lib/gcc/avr/5.4.0/avr5/libgcc.a(_udivmodhi4.o)
 .text.libgcc.prologue
                0x0000000000000d8e        0x0 /opt/avr8-gnu-toolchain-linux_x86_64/bin/../lib/gcc/avr/5.4.0/avr5/libgcc.a(_udivmodhi4.o)
 .text.libgcc.builtins
                0x0000000000000d8e        0x0 /opt/avr8-gnu-toolchain-linux_x86_64/bin/../lib/gcc/avr/5.4.0/avr5/libgcc.a(_udivmodhi4.o)
 .text.libgcc.fmul
                0x0000000000000d8e        0x0 /opt/avr8-gnu-toolchain-linux_x86_64/bin/../lib/gcc/avr/5.4.0/avr5/libgcc.a(_udivmodhi4.o)
 .text.libgcc.fixed
                0x0000000000000d8e        0x0 /opt/avr8-gnu-toolchain-linux_x86_64/bin/../lib/gcc/avr/5.4.0/avr5/libgcc.a(_udivmodhi4.o)
 .text.libgcc.mul
                0x0000000000000d8e        0x0 /opt/avr8-gnu-toolchain-linux_x86_64/bin/../lib/gcc/avr/5.4.0/avr5/libgcc.a(_exit.o)
 .text.libgcc.div
                0x0000000000000d8e        0x0 /opt/avr8-gnu-toolchain-linux_x86_64/bin/../lib/gcc/avr/5.4.0/avr5/libgcc.a(_exit.o)
 .text.libgcc   0x0000000000000d8e        0x0 /opt/avr8-gnu-toolchain-linux_x86_64/bin/../lib/gcc/avr/5.4.0/avr5/libgcc.a(_exit.o)
 .text.libgcc.prologue
                0x0000000000000d8e        0x0 /opt/avr8-gnu-toolchain-linux_x86_64/bin/../lib/gcc/avr/5.4.0/avr5/libgcc.a(_exit.o)
 .text.libgcc.builtins
                0x0000000000000d8e        0x0 /opt/avr8-gnu-toolchain-linux_x86_64/bin/../lib/gcc/avr/5.4.0/avr5/libgcc.a(_exit.o)
 .text.libgcc.fmul
                0x0000000000000d8e        0x0 /opt/avr8-gnu-toolchain-linux_x86_64/bin/../lib/gcc/avr/5.4.0/avr5/libgcc.a(_exit.o)
 .text.libgcc.fixed
                0x0000000000000d8e        0x0 /opt/avr8-gnu-toolchain-linux_x86_64/bin/../lib/gcc/avr/5.4.0/avr5/libgcc.a(_exit.o)
 .text.libgcc.mul
                0x0000000000000d8e        0x0 /opt/avr8-gnu-toolchain-linux_x86_64/bin/../lib/gcc/avr/5.4.0/avr5/libgcc.a(_tablejump2.o)
 .text.libgcc.div
                0x0000000000000d8e        0x0 /opt/avr8-gnu-toolchain-linux_x86_64/bin/../lib/gcc/avr/5.4.0/avr5/libgcc.a(_tablejump2.o)
 .text.libgcc   0x0000000000000d8e        0xc /opt/avr8-gnu-toolchain-linux_x86_64/bin/../lib/gcc/avr/5.4.0/avr5/libgcc.a(_tablejump2.o)
                0x0000000000000d8e                __tablejump2__
 .text.libgcc.prologue
                0x0000000000000d9a        0x0 /opt/avr8-gnu-toolchain-linux_x86_64/bin/../lib/gcc/avr/5.4.0/avr5/libgcc.a(_tablejump2.o)
 .text.libgcc.builtins
                0x0000000000000d9a        0x0 /opt/avr8-gnu-toolchain-linux_x86_64/bin/../lib/gcc/avr/5.4.0/avr5/libgcc.a(_tablejump2.o)
 .text.libgcc.fmul
                0x0000000000000d9a        0x0 /opt/avr8-gnu-toolchain-linux_x86_64/bin/../lib/gcc/avr/5.4.0/avr5/libgcc.a(_tablejump2.o)
 .text.libgcc.fixed
                0x0000000000000d9a        0x0 /opt/avr8-gnu-toolchain-linux_x86_64/bin/../lib/gcc/avr/5.4.0/avr5/libgcc.a(_tablejump2.o)
 .text.libgcc.mul
                0x0000000000000d9a        0x0 /opt/avr8-gnu-toolchain-linux_x86_64/bin/../lib/gcc/avr/5.4.0/avr5/libgcc.a(_copy_data.o)
 .text.libgcc.div
                0x0000000000000d9a        0x0 /opt/avr8-gnu-toolchain-linux_x86_64/bin/../lib/gcc/avr/5.4.0/avr5/libgcc.a(_copy_data.o)
 .text.libgcc   0x0000000000000d9a        0x0 /opt/avr8-gnu-toolchain-linux_x86_64/bin/../lib/gcc/avr/5.4.0/avr5/libgcc.a(_copy_data.o)
 .text.libgcc.prologue
                0x0000000000000d9a        0x0 /opt/avr8-gnu-toolchain-linux_x86_64/bin/../lib/gcc/avr/5.4.0/avr5/libgcc.a(_copy_data.o)
 .text.libgcc.builtins
                0x0000000000000d9a        0x0 /opt/avr8-gnu-toolchain-linux_x86_64/bin/../lib/gcc/avr/5.4.0/avr5/libgcc.a(_copy_data.o)
 .text.libgcc.fmul
                0x0000000000000d9a        0x0 /opt/avr8-gnu-toolchain-linux_x86_64/bin/../lib/gcc/avr/5.4.0/avr5/libgcc.a(_copy_data.o)
 .text.libgcc.fixed
                0x0000000000000d9a        0x0 /opt/avr8-gnu-toolchain-linux_x86_64/bin/../lib/gcc/avr/5.4.0/avr5/libgcc.a(_copy_data.o)
 .text.libgcc.mul
                0x0000000000000d9a        0x0 /opt/avr8-gnu-toolchain-linux_x86_64/bin/../lib/gcc/avr/5.4.0/avr5/libgcc.a(_clear_bss.o)
 .text.libgcc.div
                0x0000000000000d9a        0x0 /opt/avr8-gnu-toolchain-linux_x86_64/bin/../lib/gcc/avr/5.4.0/avr5/libgcc.a(_clear_bss.o)
 .text.libgcc   0x0000000000000d9a        0x0 /opt/avr8-gnu-toolchain-linux_x86_64/bin/../lib/gcc/avr/5.4.0/avr5/libgcc.a(_clear_bss.o)
 .text.libgcc.prologue
                0x0000000000000d9a        0x0 /opt/avr8-gnu-toolchain-linux_x86_64/bin/../lib/gcc/avr/5.4.0/avr5/libgcc.a(_clear_bss.o)
 .text.libgcc.builtins
                0x0000000000000d9a        0x0 /opt/avr8-gnu-toolchain-linux_x86_64/bin/../lib/gcc/avr/5.4.0/avr5/libgcc.a(_clear_bss.o)
 .text.libgcc.fmul
                0x0000000000000d9a        0x0 /opt/avr8-gnu-toolchain-linux_x86_64/bin/../lib/gcc/avr/5.4.0/avr5/libgcc.a(_clear_bss.o)
 .text.libgcc.fixed
                0x0000000000000d9a        0x0 /opt/avr8-gnu-toolchain-linux_x86_64/bin/../lib/gcc/avr/5.4.0/avr5/libgcc.a(_clear_bss.o)
 .text.avr-libc
                0x0000000000000d9a       0x3c /opt/avr8-gnu-toolchain-linux_x86_64/bin/../lib/gcc/avr/5.4.0/../../../../avr/lib/avr5/libc.a(atoi.o)
                0x0000000000000d9a                atoi
 .text.avr-libc
                0x0000000000000dd6       0x12 /opt/avr8-gnu-toolchain-linux_x86_64/bin/../lib/gcc/avr/5.4.0/../../../../avr/lib/avr5/libc.a(strcmp.o)
                0x0000000000000dd6                strcmp
 .text.avr-libc
                0x0000000000000de8       0x10 /opt/avr8-gnu-toolchain-linux_x86_64/bin/../lib/gcc/avr/5.4.0/../../../../avr/lib/avr5/libc.a(mul10.o)
                0x0000000000000de8                __mulhi_const_10
                0x0000000000000df8                . = ALIGN (0x2)
 *(.fini9)
 .fini9         0x0000000000000df8        0x0 /opt/avr8-gnu-toolchain-linux_x86_64/bin/../lib/gcc/avr/5.4.0/avr5/libgcc.a(_exit.o)
                0x0000000000000df8                exit
                0x0000000000000df8                _exit
 *(.fini9)
 *(.fini8)
 *(.fini8)
 *(.fini7)
 *(.fini7)
 *(.fini6)
 *(.fini6)
 *(.fini5)
 *(.fini5)
 *(.fini4)
 *(.fini4)
 *(.fini3)
 *(.fini3)
 *(.fini2)
 *(.fini2)
 *(.fini1)
 *(.fini1)
 *(.fini0)
 .fini0         0x0000000000000df8        0x4 /opt/avr8-gnu-toolchain-linux_x86_64/bin/../lib/gcc/avr/5.4.0/avr5/libgcc.a(_exit.o)
 *(.fini0)
                0x0000000000000dfc                _etext = .

.data           0x0000000000800100      0x830 load address 0x0000000000000dfc
                0x0000000000800100                PROVIDE (__data_start, .)
 *(.data)
 .data          0x0000000000800100        0x0 /opt/avr8-gnu-toolchain-linux_x86_64/bin/../lib/gcc/avr/5.4.0/../../../../avr/lib/avr5/crtatmega328p.o
 .data          0x0000000000800100       0x18 main.o
                0x0000000000800102                shiftChar
                0x000000000080010a                my_exponent
                0x000000000080010c                waveform
                0x000000000080010e                frequency
                0x0000000000800110                status
                0x0000000000800112                help_value
                0x0000000000800114                freq
                0x0000000000800116                help_counter
 .data          0x0000000000800118        0x0 lcd.o
 .data          0x0000000000800118        0x0 uart.o
 .data          0x0000000000800118        0x0 gpio.o
 .data          0x0000000000800118       0x3b myMatrix.o
                0x0000000000800118                shift_buttons_look_up
                0x0000000000800132                buttons_look_up
                0x000000000080014c                rows
                0x000000000080014f                columns
 .data          0x0000000000800153        0x0 /opt/avr8-gnu-toolchain-linux_x86_64/bin/../lib/gcc/avr/5.4.0/avr5/libgcc.a(_udivmodhi4.o)
 .data          0x0000000000800153        0x0 /opt/avr8-gnu-toolchain-linux_x86_64/bin/../lib/gcc/avr/5.4.0/avr5/libgcc.a(_exit.o)
 .data          0x0000000000800153        0x0 /opt/avr8-gnu-toolchain-linux_x86_64/bin/../lib/gcc/avr/5.4.0/avr5/libgcc.a(_tablejump2.o)
 .data          0x0000000000800153        0x0 /opt/avr8-gnu-toolchain-linux_x86_64/bin/../lib/gcc/avr/5.4.0/avr5/libgcc.a(_copy_data.o)
 .data          0x0000000000800153        0x0 /opt/avr8-gnu-toolchain-linux_x86_64/bin/../lib/gcc/avr/5.4.0/avr5/libgcc.a(_clear_bss.o)
 .data          0x0000000000800153        0x0 /opt/avr8-gnu-toolchain-linux_x86_64/bin/../lib/gcc/avr/5.4.0/../../../../avr/lib/avr5/libc.a(atoi.o)
 .data          0x0000000000800153        0x0 /opt/avr8-gnu-toolchain-linux_x86_64/bin/../lib/gcc/avr/5.4.0/../../../../avr/lib/avr5/libc.a(strcmp.o)
 .data          0x0000000000800153        0x0 /opt/avr8-gnu-toolchain-linux_x86_64/bin/../lib/gcc/avr/5.4.0/../../../../avr/lib/avr5/libc.a(mul10.o)
 *(.data*)
 *(.gnu.linkonce.d*)
 *(.rodata)
 .rodata        0x0000000000800153      0x76c main.o
 *(.rodata*)
 .rodata.str1.1
                0x00000000008008bf       0x51 main.o
                                         0x74 (size before relaxing)
 .rodata.str1.1
                0x0000000000800910       0x1f myMatrix.o
                                         0x3f (size before relaxing)
 *(.gnu.linkonce.r*)
                0x0000000000800930                . = ALIGN (0x2)
 *fill*         0x000000000080092f        0x1 
                0x0000000000800930                _edata = .
                0x0000000000800930                PROVIDE (__data_end, .)

.bss            0x0000000000800930       0x57
                0x0000000000800930                PROVIDE (__bss_start, .)
 *(.bss)
 .bss           0x0000000000800930        0x0 /opt/avr8-gnu-toolchain-linux_x86_64/bin/../lib/gcc/avr/5.4.0/../../../../avr/lib/avr5/crtatmega328p.o
 .bss           0x0000000000800930       0x10 main.o
                0x0000000000800930                digits
                0x0000000000800934                wave
                0x0000000000800935                value
                0x0000000000800937                steps
                0x0000000000800939                counter
 .bss           0x0000000000800940        0x0 lcd.o
 .bss           0x0000000000800940       0x45 uart.o
 .bss           0x0000000000800985        0x0 gpio.o
 .bss           0x0000000000800985        0x2 myMatrix.o
 .bss           0x0000000000800987        0x0 /opt/avr8-gnu-toolchain-linux_x86_64/bin/../lib/gcc/avr/5.4.0/avr5/libgcc.a(_udivmodhi4.o)
 .bss           0x0000000000800987        0x0 /opt/avr8-gnu-toolchain-linux_x86_64/bin/../lib/gcc/avr/5.4.0/avr5/libgcc.a(_exit.o)
 .bss           0x0000000000800987        0x0 /opt/avr8-gnu-toolchain-linux_x86_64/bin/../lib/gcc/avr/5.4.0/avr5/libgcc.a(_tablejump2.o)
 .bss           0x0000000000800987        0x0 /opt/avr8-gnu-toolchain-linux_x86_64/bin/../lib/gcc/avr/5.4.0/avr5/libgcc.a(_copy_data.o)
 .bss           0x0000000000800987        0x0 /opt/avr8-gnu-toolchain-linux_x86_64/bin/../lib/gcc/avr/5.4.0/avr5/libgcc.a(_clear_bss.o)
 .bss           0x0000000000800987        0x0 /opt/avr8-gnu-toolchain-linux_x86_64/bin/../lib/gcc/avr/5.4.0/../../../../avr/lib/avr5/libc.a(atoi.o)
 .bss           0x0000000000800987        0x0 /opt/avr8-gnu-toolchain-linux_x86_64/bin/../lib/gcc/avr/5.4.0/../../../../avr/lib/avr5/libc.a(strcmp.o)
 .bss           0x0000000000800987        0x0 /opt/avr8-gnu-toolchain-linux_x86_64/bin/../lib/gcc/avr/5.4.0/../../../../avr/lib/avr5/libc.a(mul10.o)
 *(.bss*)
 *(COMMON)
                0x0000000000800987                PROVIDE (__bss_end, .)
                0x0000000000000dfc                __data_load_start = LOADADDR (.data)
                0x000000000000162c                __data_load_end = (__data_load_start + SIZEOF (.data))

.noinit         0x0000000000800987        0x0
                [!provide]                        PROVIDE (__noinit_start, .)
 *(.noinit*)
                [!provide]                        PROVIDE (__noinit_end, .)
                0x0000000000800987                _end = .
                [!provide]                        PROVIDE (__heap_start, .)

.eeprom         0x0000000000810000        0x0
 *(.eeprom*)
                0x0000000000810000                __eeprom_end = .

.fuse
 *(.fuse)
 *(.lfuse)
 *(.hfuse)
 *(.efuse)

.lock
 *(.lock*)

.signature
 *(.signature*)

.user_signatures
 *(.user_signatures*)

.stab
 *(.stab)

.stabstr
 *(.stabstr)

.stab.excl
 *(.stab.excl)

.stab.exclstr
 *(.stab.exclstr)

.stab.index
 *(.stab.index)

.stab.indexstr
 *(.stab.indexstr)

.comment        0x0000000000000000       0x30
 *(.comment)
 .comment       0x0000000000000000       0x30 main.o
                                         0x31 (size before relaxing)
 .comment       0x0000000000000030       0x31 lcd.o
 .comment       0x0000000000000030       0x31 uart.o
 .comment       0x0000000000000030       0x31 gpio.o
 .comment       0x0000000000000030       0x31 myMatrix.o

.note.gnu.avr.deviceinfo
                0x0000000000000000       0x40
 .note.gnu.avr.deviceinfo
                0x0000000000000000       0x40 /opt/avr8-gnu-toolchain-linux_x86_64/bin/../lib/gcc/avr/5.4.0/../../../../avr/lib/avr5/crtatmega328p.o

.note.gnu.build-id
 *(.note.gnu.build-id)

.debug
 *(.debug)

.line
 *(.line)

.debug_srcinfo
 *(.debug_srcinfo)

.debug_sfnames
 *(.debug_sfnames)

.debug_aranges  0x0000000000000000       0xa8
 *(.debug_aranges)
 .debug_aranges
                0x0000000000000000       0x28 main.o
 .debug_aranges
                0x0000000000000028       0x20 lcd.o
 .debug_aranges
                0x0000000000000048       0x20 uart.o
 .debug_aranges
                0x0000000000000068       0x20 gpio.o
 .debug_aranges
                0x0000000000000088       0x20 myMatrix.o

.debug_pubnames
 *(.debug_pubnames)

.debug_info     0x0000000000000000     0x2154
 *(.debug_info .gnu.linkonce.wi.*)
 .debug_info    0x0000000000000000      0x5f4 /opt/avr8-gnu-toolchain-linux_x86_64/bin/../lib/gcc/avr/5.4.0/../../../../avr/lib/avr5/crtatmega328p.o
 .debug_info    0x00000000000005f4      0x911 main.o
 .debug_info    0x0000000000000f05      0x729 lcd.o
 .debug_info    0x000000000000162e      0x30c uart.o
 .debug_info    0x000000000000193a      0x1e7 gpio.o
 .debug_info    0x0000000000001b21      0x633 myMatrix.o

.debug_abbrev   0x0000000000000000      0xd2d
 *(.debug_abbrev)
 .debug_abbrev  0x0000000000000000      0x5a2 /opt/avr8-gnu-toolchain-linux_x86_64/bin/../lib/gcc/avr/5.4.0/../../../../avr/lib/avr5/crtatmega328p.o
 .debug_abbrev  0x00000000000005a2      0x151 main.o
 .debug_abbrev  0x00000000000006f3      0x283 lcd.o
 .debug_abbrev  0x0000000000000976      0x111 uart.o
 .debug_abbrev  0x0000000000000a87       0xd4 gpio.o
 .debug_abbrev  0x0000000000000b5b      0x1d2 myMatrix.o

.debug_line     0x0000000000000000      0xd7c
 *(.debug_line .debug_line.* .debug_line_end)
 .debug_line    0x0000000000000000       0x1a /opt/avr8-gnu-toolchain-linux_x86_64/bin/../lib/gcc/avr/5.4.0/../../../../avr/lib/avr5/crtatmega328p.o
 .debug_line    0x000000000000001a      0x427 main.o
 .debug_line    0x0000000000000441      0x400 lcd.o
 .debug_line    0x0000000000000841      0x1b9 uart.o
 .debug_line    0x00000000000009fa       0xe2 gpio.o
 .debug_line    0x0000000000000adc      0x2a0 myMatrix.o

.debug_frame    0x0000000000000000      0x3e0
 *(.debug_frame)
 .debug_frame   0x0000000000000000       0xd8 main.o
 .debug_frame   0x00000000000000d8      0x10c lcd.o
 .debug_frame   0x00000000000001e4       0xe0 uart.o
 .debug_frame   0x00000000000002c4       0x84 gpio.o
 .debug_frame   0x0000000000000348       0x98 myMatrix.o

.debug_str      0x0000000000000000      0x708
 *(.debug_str)
 .debug_str     0x0000000000000000      0x208 /opt/avr8-gnu-toolchain-linux_x86_64/bin/../lib/gcc/avr/5.4.0/../../../../avr/lib/avr5/crtatmega328p.o
 .debug_str     0x0000000000000208      0x22f main.o
                                        0x27b (size before relaxing)
 .debug_str     0x0000000000000437      0x11c lcd.o
                                        0x21c (size before relaxing)
 .debug_str     0x0000000000000553       0xc6 uart.o
                                        0x204 (size before relaxing)
 .debug_str     0x0000000000000619       0x8c gpio.o
                                        0x187 (size before relaxing)
 .debug_str     0x00000000000006a5       0x63 myMatrix.o
                                        0x1fc (size before relaxing)

.debug_loc      0x0000000000000000     0x1203
 *(.debug_loc)
 .debug_loc     0x0000000000000000      0x1f1 main.o
 .debug_loc     0x00000000000001f1      0x5fa lcd.o
 .debug_loc     0x00000000000007eb      0x32c uart.o
 .debug_loc     0x0000000000000b17       0x92 gpio.o
 .debug_loc     0x0000000000000ba9      0x65a myMatrix.o

.debug_macinfo
 *(.debug_macinfo)

.debug_weaknames
 *(.debug_weaknames)

.debug_funcnames
 *(.debug_funcnames)

.debug_typenames
 *(.debug_typenames)

.debug_varnames
 *(.debug_varnames)

.debug_pubtypes
 *(.debug_pubtypes)

.debug_ranges   0x0000000000000000       0x18
 *(.debug_ranges)
 .debug_ranges  0x0000000000000000       0x18 main.o

.debug_macro
 *(.debug_macro)
OUTPUT(DEMO.elf elf32-avr)
LOAD linker stubs

Cross Reference Table

Symbol                                            File
GPIO_config_input_nopullup                        gpio.o
GPIO_config_input_pullup                          gpio.o
                                                  myMatrix.o
GPIO_config_output                                gpio.o
                                                  myMatrix.o
                                                  main.o
GPIO_read                                         gpio.o
                                                  myMatrix.o
GPIO_toggle                                       gpio.o
                                                  myMatrix.o
GPIO_write_high                                   gpio.o
                                                  myMatrix.o
GPIO_write_low                                    gpio.o
__DATA_REGION_LENGTH__                            /opt/avr8-gnu-toolchain-linux_x86_64/bin/../lib/gcc/avr/5.4.0/../../../../avr/lib/avr5/crtatmega328p.o
__DATA_REGION_ORIGIN__                            /opt/avr8-gnu-toolchain-linux_x86_64/bin/../lib/gcc/avr/5.4.0/../../../../avr/lib/avr5/crtatmega328p.o
__EEPROM_REGION_LENGTH__                          /opt/avr8-gnu-toolchain-linux_x86_64/bin/../lib/gcc/avr/5.4.0/../../../../avr/lib/avr5/crtatmega328p.o
__FUSE_REGION_LENGTH__                            /opt/avr8-gnu-toolchain-linux_x86_64/bin/../lib/gcc/avr/5.4.0/../../../../avr/lib/avr5/crtatmega328p.o
__TEXT_REGION_LENGTH__                            /opt/avr8-gnu-toolchain-linux_x86_64/bin/../lib/gcc/avr/5.4.0/../../../../avr/lib/avr5/crtatmega328p.o
__bad_interrupt                                   /opt/avr8-gnu-toolchain-linux_x86_64/bin/../lib/gcc/avr/5.4.0/../../../../avr/lib/avr5/crtatmega328p.o
__bss_end                                         /opt/avr8-gnu-toolchain-linux_x86_64/bin/../lib/gcc/avr/5.4.0/avr5/libgcc.a(_clear_bss.o)
__bss_start                                       /opt/avr8-gnu-toolchain-linux_x86_64/bin/../lib/gcc/avr/5.4.0/avr5/libgcc.a(_clear_bss.o)
__data_end                                        /opt/avr8-gnu-toolchain-linux_x86_64/bin/../lib/gcc/avr/5.4.0/avr5/libgcc.a(_copy_data.o)
__data_load_start                                 /opt/avr8-gnu-toolchain-linux_x86_64/bin/../lib/gcc/avr/5.4.0/avr5/libgcc.a(_copy_data.o)
__data_start                                      /opt/avr8-gnu-toolchain-linux_x86_64/bin/../lib/gcc/avr/5.4.0/avr5/libgcc.a(_copy_data.o)
__do_clear_bss                                    /opt/avr8-gnu-toolchain-linux_x86_64/bin/../lib/gcc/avr/5.4.0/avr5/libgcc.a(_clear_bss.o)
                                                  myMatrix.o
                                                  uart.o
                                                  main.o
__do_copy_data                                    /opt/avr8-gnu-toolchain-linux_x86_64/bin/../lib/gcc/avr/5.4.0/avr5/libgcc.a(_copy_data.o)
                                                  myMatrix.o
                                                  main.o
__heap_end                                        /opt/avr8-gnu-toolchain-linux_x86_64/bin/../lib/gcc/avr/5.4.0/../../../../avr/lib/avr5/crtatmega328p.o
__init                                            /opt/avr8-gnu-toolchain-linux_x86_64/bin/../lib/gcc/avr/5.4.0/../../../../avr/lib/avr5/crtatmega328p.o
__mulhi_const_10                                  /opt/avr8-gnu-toolchain-linux_x86_64/bin/../lib/gcc/avr/5.4.0/../../../../avr/lib/avr5/libc.a(mul10.o)
                                                  /opt/avr8-gnu-toolchain-linux_x86_64/bin/../lib/gcc/avr/5.4.0/../../../../avr/lib/avr5/libc.a(atoi.o)
__stack                                           /opt/avr8-gnu-toolchain-linux_x86_64/bin/../lib/gcc/avr/5.4.0/../../../../avr/lib/avr5/crtatmega328p.o
__tablejump2__                                    /opt/avr8-gnu-toolchain-linux_x86_64/bin/../lib/gcc/avr/5.4.0/avr5/libgcc.a(_tablejump2.o)
                                                  myMatrix.o
__udivmodhi4                                      /opt/avr8-gnu-toolchain-linux_x86_64/bin/../lib/gcc/avr/5.4.0/avr5/libgcc.a(_udivmodhi4.o)
                                                  main.o
__vector_1                                        /opt/avr8-gnu-toolchain-linux_x86_64/bin/../lib/gcc/avr/5.4.0/../../../../avr/lib/avr5/crtatmega328p.o
__vector_10                                       /opt/avr8-gnu-toolchain-linux_x86_64/bin/../lib/gcc/avr/5.4.0/../../../../avr/lib/avr5/crtatmega328p.o
__vector_11                                       /opt/avr8-gnu-toolchain-linux_x86_64/bin/../lib/gcc/avr/5.4.0/../../../../avr/lib/avr5/crtatmega328p.o
__vector_12                                       /opt/avr8-gnu-toolchain-linux_x86_64/bin/../lib/gcc/avr/5.4.0/../../../../avr/lib/avr5/crtatmega328p.o
__vector_13                                       main.o
                                                  /opt/avr8-gnu-toolchain-linux_x86_64/bin/../lib/gcc/avr/5.4.0/../../../../avr/lib/avr5/crtatmega328p.o
__vector_14                                       /opt/avr8-gnu-toolchain-linux_x86_64/bin/../lib/gcc/avr/5.4.0/../../../../avr/lib/avr5/crtatmega328p.o
__vector_15                                       /opt/avr8-gnu-toolchain-linux_x86_64/bin/../lib/gcc/avr/5.4.0/../../../../avr/lib/avr5/crtatmega328p.o
__vector_16                                       main.o
                                                  /opt/avr8-gnu-toolchain-linux_x86_64/bin/../lib/gcc/avr/5.4.0/../../../../avr/lib/avr5/crtatmega328p.o
__vector_17                                       /opt/avr8-gnu-toolchain-linux_x86_64/bin/../lib/gcc/avr/5.4.0/../../../../avr/lib/avr5/crtatmega328p.o
__vector_18                                       uart.o
                                                  /opt/avr8-gnu-toolchain-linux_x86_64/bin/../lib/gcc/avr/5.4.0/../../../../avr/lib/avr5/crtatmega328p.o
__vector_19                                       uart.o
                                                  /opt/avr8-gnu-toolchain-linux_x86_64/bin/../lib/gcc/avr/5.4.0/../../../../avr/lib/avr5/crtatmega328p.o
__vector_2                                        /opt/avr8-gnu-toolchain-linux_x86_64/bin/../lib/gcc/avr/5.4.0/../../../../avr/lib/avr5/crtatmega328p.o
__vector_20                                       /opt/avr8-gnu-toolchain-linux_x86_64/bin/../lib/gcc/avr/5.4.0/../../../../avr/lib/avr5/crtatmega328p.o
__vector_21                                       /opt/avr8-gnu-toolchain-linux_x86_64/bin/../lib/gcc/avr/5.4.0/../../../../avr/lib/avr5/crtatmega328p.o
__vector_22                                       /opt/avr8-gnu-toolchain-linux_x86_64/bin/../lib/gcc/avr/5.4.0/../../../../avr/lib/avr5/crtatmega328p.o
__vector_23                                       /opt/avr8-gnu-toolchain-linux_x86_64/bin/../lib/gcc/avr/5.4.0/../../../../avr/lib/avr5/crtatmega328p.o
__vector_24                                       /opt/avr8-gnu-toolchain-linux_x86_64/bin/../lib/gcc/avr/5.4.0/../../../../avr/lib/avr5/crtatmega328p.o
__vector_25                                       /opt/avr8-gnu-toolchain-linux_x86_64/bin/../lib/gcc/avr/5.4.0/../../../../avr/lib/avr5/crtatmega328p.o
__vector_3                                        /opt/avr8-gnu-toolchain-linux_x86_64/bin/../lib/gcc/avr/5.4.0/../../../../avr/lib/avr5/crtatmega328p.o
__vector_4                                        /opt/avr8-gnu-toolchain-linux_x86_64/bin/../lib/gcc/avr/5.4.0/../../../../avr/lib/avr5/crtatmega328p.o
__vector_5                                        /opt/avr8-gnu-toolchain-linux_x86_64/bin/../lib/gcc/avr/5.4.0/../../../../avr/lib/avr5/crtatmega328p.o
__vector_6                                        /opt/avr8-gnu-toolchain-linux_x86_64/bin/../lib/gcc/avr/5.4.0/../../../../avr/lib/avr5/crtatmega328p.o
__vector_7                                        /opt/avr8-gnu-toolchain-linux_x86_64/bin/../lib/gcc/avr/5.4.0/../../../../avr/lib/avr5/crtatmega328p.o
__vector_8                                        /opt/avr8-gnu-toolchain-linux_x86_64/bin/../lib/gcc/avr/5.4.0/../../../../avr/lib/avr5/crtatmega328p.o
__vector_9                                        /opt/avr8-gnu-toolchain-linux_x86_64/bin/../lib/gcc/avr/5.4.0/../../../../avr/lib/avr5/crtatmega328p.o
__vector_default                                  /opt/avr8-gnu-toolchain-linux_x86_64/bin/../lib/gcc/avr/5.4.0/../../../../avr/lib/avr5/crtatmega328p.o
__vectors                                         /opt/avr8-gnu-toolchain-linux_x86_64/bin/../lib/gcc/avr/5.4.0/../../../../avr/lib/avr5/crtatmega328p.o
_exit                                             /opt/avr8-gnu-toolchain-linux_x86_64/bin/../lib/gcc/avr/5.4.0/avr5/libgcc.a(_exit.o)
atoi                                              /opt/avr8-gnu-toolchain-linux_x86_64/bin/../lib/gcc/avr/5.4.0/../../../../avr/lib/avr5/libc.a(atoi.o)
                                                  main.o
buttons_look_up                                   myMatrix.o
columns                                           myMatrix.o
counter                                           main.o
digits                                            main.o
exit                                              /opt/avr8-gnu-toolchain-linux_x86_64/bin/../lib/gcc/avr/5.4.0/avr5/libgcc.a(_exit.o)
                                                  /opt/avr8-gnu-toolchain-linux_x86_64/bin/../lib/gcc/avr/5.4.0/../../../../avr/lib/avr5/crtatmega328p.o
freq                                              main.o
frequency                                         main.o
help_counter                                      main.o
help_value                                        main.o
initMatrix                                        myMatrix.o
                                                  main.o
lcd_clrscr                                        lcd.o
lcd_command                                       lcd.o
                                                  main.o
lcd_data                                          lcd.o
                                                  main.o
lcd_getxy                                         lcd.o
lcd_gotoxy                                        lcd.o
                                                  main.o
lcd_home                                          lcd.o
lcd_init                                          lcd.o
                                                  main.o
lcd_putc                                          lcd.o
                                                  main.o
lcd_puts                                          lcd.o
                                                  main.o
lcd_puts_p                                        lcd.o
main                                              main.o
                                                  /opt/avr8-gnu-toolchain-linux_x86_64/bin/../lib/gcc/avr/5.4.0/../../../../avr/lib/avr5/crtatmega328p.o
my_exponent                                       main.o
posToConstChar                                    myMatrix.o
                                                  main.o
rows                                              myMatrix.o
scanMatrix                                        myMatrix.o
                                                  main.o
shiftChar                                         main.o
shiftFun                                          myMatrix.o
shift_buttons_look_up                             myMatrix.o
status                                            main.o
steps                                             main.o
strcmp                                            /opt/avr8-gnu-toolchain-linux_x86_64/bin/../lib/gcc/avr/5.4.0/../../../../avr/lib/avr5/libc.a(strcmp.o)
                                                  main.o
uart_getc                                         uart.o
uart_init                                         uart.o
                                                  main.o
uart_putc                                         uart.o
uart_puts                                         uart.o
                                                  main.o
uart_puts_p                                       uart.o
value                                             main.o
wave                                              main.o
waveform                                          main.o
